recursive(5)
recursive(4)
recursive(3)
recursive(2)
recursive(1)
recursive(1)
recursive(1)
recursive(1)
recursive(1)
